// Jest Snapshot v1, https://goo.gl/fbAQLP

exports[`Home.js/ render 1`] = `
<RCTSafeAreaView
  emulateUnlessSupported={true}
  style={
    Object {
      "flex": 1,
    }
  }
>
  <View
    accessible={true}
    focusable={true}
    onClick={[Function]}
    onResponderGrant={[Function]}
    onResponderMove={[Function]}
    onResponderRelease={[Function]}
    onResponderTerminate={[Function]}
    onResponderTerminationRequest={[Function]}
    onStartShouldSetResponder={[Function]}
    style={
      Object {
        "flex": 1,
        "opacity": 1,
      }
    }
  >
    <Text>
      Press Me
    </Text>
  </View>
</RCTSafeAreaView>
`;
